
######################################################################
#  V13: Marginal TDA Contribution Test (paper-grade)
#  Symbols: ['BTC', 'ETH', 'SOL', 'ADA', 'DOT', 'LINK', 'AVAX'] | Days: 1095 | Horizon: 72h
#  Window: 20 | n_splits: 5 | embargo: 24
#  B (permutations): 99 → min achievable p = 0.0100
#  Synthetic features: DISABLED
######################################################################

STEP 1: Per-asset prep (causal windows + diagrams + real external)
------------------------------------------------------------
  [BTC] Fetching 1095 days hourly
    Fetched 3010 candles (10 calls)...
    Fetched 6020 candles (20 calls)...
    Fetched 9030 candles (30 calls)...
    Fetched 12040 candles (40 calls)...
    Fetched 15050 candles (50 calls)...
    Fetched 18060 candles (60 calls)...
    Fetched 21070 candles (70 calls)...
    Fetched 24075 candles (80 calls)...
  [BTC] Building advanced features
  [BTC] Created 26192 causal-normalized point clouds
  [BTC] Computing v1 (scalar) TDA features
  [BTC] Computing raw persistence diagrams (no fit)
  [BTC] Final: 26192 samples, 26192 diagrams
    ✓ on-chain attached (1096 daily rows)
    ✓ cross-exchange attached (721 daily rows)
  [ETH] Fetching 1095 days hourly
    Fetched 3010 candles (10 calls)...
    Fetched 6020 candles (20 calls)...
    Fetched 9030 candles (30 calls)...
    Fetched 12040 candles (40 calls)...
    Fetched 15050 candles (50 calls)...
    Fetched 18060 candles (60 calls)...
    Fetched 21070 candles (70 calls)...
    Fetched 24075 candles (80 calls)...
  [ETH] Building advanced features
  [ETH] Created 26192 causal-normalized point clouds
  [ETH] Computing v1 (scalar) TDA features
  [ETH] Computing raw persistence diagrams (no fit)
  [ETH] Final: 26192 samples, 26192 diagrams
    [etherscan ETH] 100/1095 days fetched
    [etherscan ETH] 200/1095 days fetched
    [etherscan ETH] 300/1095 days fetched
    [etherscan ETH] 400/1095 days fetched
    [etherscan ETH] 500/1095 days fetched
    [etherscan ETH] 600/1095 days fetched
    [etherscan ETH] 700/1095 days fetched
    [etherscan ETH] 800/1095 days fetched
    [etherscan ETH] 900/1095 days fetched
    [etherscan ETH] 1000/1095 days fetched
    ✗ on-chain fetch failed: You are trying to merge on datetime64[ns] and datetime64[ns, UTC] columns for key '_merge_date'. If you wish to proceed you should use pd.concat
    ✓ cross-exchange attached (721 daily rows)
  [SOL] Fetching 1095 days hourly
    Fetched 3010 candles (10 calls)...
    Fetched 6020 candles (20 calls)...
    Fetched 9030 candles (30 calls)...
    Fetched 12040 candles (40 calls)...
    Fetched 15050 candles (50 calls)...
    Fetched 18060 candles (60 calls)...
    Fetched 21070 candles (70 calls)...
    Fetched 24075 candles (80 calls)...
  [SOL] Building advanced features
  [SOL] Created 26192 causal-normalized point clouds
  [SOL] Computing v1 (scalar) TDA features
  [SOL] Computing raw persistence diagrams (no fit)
  [SOL] Final: 26192 samples, 26192 diagrams
    ✓ cross-exchange attached (721 daily rows)
  [ADA] Fetching 1095 days hourly
    Fetched 3010 candles (10 calls)...
    Fetched 6020 candles (20 calls)...
    Fetched 9030 candles (30 calls)...
    Fetched 12040 candles (40 calls)...
    Fetched 15050 candles (50 calls)...
    Fetched 18060 candles (60 calls)...
    Fetched 21070 candles (70 calls)...
    Fetched 24075 candles (80 calls)...
  [ADA] Building advanced features
  [ADA] Created 26192 causal-normalized point clouds
  [ADA] Computing v1 (scalar) TDA features
  [ADA] Computing raw persistence diagrams (no fit)
  [ADA] Final: 26192 samples, 26192 diagrams
    ✓ cross-exchange attached (721 daily rows)
  [DOT] Fetching 1095 days hourly
    Fetched 3010 candles (10 calls)...
    Fetched 6020 candles (20 calls)...
    Fetched 9030 candles (30 calls)...
    Fetched 12040 candles (40 calls)...
    Fetched 15050 candles (50 calls)...
    Fetched 18060 candles (60 calls)...
    Fetched 21070 candles (70 calls)...
    Fetched 24075 candles (80 calls)...
  [DOT] Building advanced features
  [DOT] Created 26192 causal-normalized point clouds
  [DOT] Computing v1 (scalar) TDA features
  [DOT] Computing raw persistence diagrams (no fit)
  [DOT] Final: 26192 samples, 26192 diagrams
    ✓ cross-exchange attached (721 daily rows)
  [LINK] Fetching 1095 days hourly
    Fetched 3010 candles (10 calls)...
    Fetched 6020 candles (20 calls)...
    Fetched 9030 candles (30 calls)...
    Fetched 12040 candles (40 calls)...
    Fetched 15050 candles (50 calls)...
    Fetched 18060 candles (60 calls)...
    Fetched 21070 candles (70 calls)...
    Fetched 24075 candles (80 calls)...
  [LINK] Building advanced features
  [LINK] Created 26192 causal-normalized point clouds
  [LINK] Computing v1 (scalar) TDA features
  [LINK] Computing raw persistence diagrams (no fit)
  [LINK] Final: 26192 samples, 26192 diagrams
    ✓ cross-exchange attached (721 daily rows)
  [AVAX] Fetching 1095 days hourly
    Fetched 3010 candles (10 calls)...
    Fetched 6020 candles (20 calls)...
    Fetched 9030 candles (30 calls)...
    Fetched 12040 candles (40 calls)...
    Fetched 15050 candles (50 calls)...
    Fetched 18060 candles (60 calls)...
    Fetched 21070 candles (70 calls)...
    Fetched 24075 candles (80 calls)...
  [AVAX] Building advanced features
  [AVAX] Created 26192 causal-normalized point clouds
  [AVAX] Computing v1 (scalar) TDA features
  [AVAX] Computing raw persistence diagrams (no fit)
  [AVAX] Final: 26192 samples, 26192 diagrams
    ✓ cross-exchange attached (721 daily rows)

STEP 2: Per-asset purged splits (horizon=72, embargo=24)
------------------------------------------------------------
  BTC: 5/5 valid folds
  ETH: 5/5 valid folds
  SOL: 5/5 valid folds
  ADA: 5/5 valid folds
  DOT: 5/5 valid folds
  LINK: 5/5 valid folds
  AVAX: 5/5 valid folds

STEP 3: 7 ablations × 5 folds
------------------------------------------------------------

  [base] running...
     → acc=0.5737 n_signals=3188 auc=0.4957

  [v1_only] running...
     → acc=0.5871 n_signals=1797 auc=0.5032

  [v2_only] running...
     → acc=0.5000 n_signals=0 auc=0.5000

  [base_plus_v1] running...
     → acc=0.5391 n_signals=6008 auc=0.5009

  [base_plus_v2] running...
     → acc=0.5740 n_signals=3190 auc=0.4958

  [base_plus_v1_plus_v2] running...
     → acc=0.5386 n_signals=6003 auc=0.5009

  [base_plus_shuffled_v2] running...
     → acc=0.5740 n_signals=3190 auc=0.4958

STEP 4: FULL-GRID permutation (multiple-testing-aware)
        Real best: v1_only = 0.5871
------------------------------------------------------------
  Permuting ALL 6 real conditions per perm; taking MAX as null. Cost: 99 × 6 fits.
     full-grid perm 5/99: null max mean = 0.9085
     full-grid perm 10/99: null max mean = 0.8798
     full-grid perm 15/99: null max mean = 0.8796
     full-grid perm 20/99: null max mean = 0.8844
     full-grid perm 25/99: null max mean = 0.8679
     full-grid perm 30/99: null max mean = 0.8783
     full-grid perm 35/99: null max mean = 0.8661
     full-grid perm 40/99: null max mean = 0.8725
     full-grid perm 45/99: null max mean = 0.8788
     full-grid perm 50/99: null max mean = 0.8842
     full-grid perm 55/99: null max mean = 0.8918
     full-grid perm 60/99: null max mean = 0.8879
     full-grid perm 65/99: null max mean = 0.8886
     full-grid perm 70/99: null max mean = 0.8897
     full-grid perm 75/99: null max mean = 0.8892
     full-grid perm 80/99: null max mean = 0.8825
     full-grid perm 85/99: null max mean = 0.8867
     full-grid perm 90/99: null max mean = 0.8854
     full-grid perm 95/99: null max mean = 0.8857
  Real: 0.5871
  Null max mean ± std: 0.8845 ± 0.1050
  p_grid = 1.0000 (B=99, min achievable = 0.0100) — multiple-testing aware

STEP 5: H0 vs H1 contribution diagnostic
------------------------------------------------------------
  H0 only: acc=0.5087 (n=152355)
  H1 only: acc=0.5087 (n=152355)

STEP 6: v2 verdict
------------------------------------------------------------
  🟡 Real v2 vs shuffled: +0.00 pp — within noise. v2 likely carries no real signal beyond the shuffled control.

  ✓ Results → /Users/vhsy.o34/Library/Mobile Documents/iCloud~md~obsidian/Documents/MinhaChung/tda-crypto-trading/results/V13_COMPREHENSIVE.md

✓ Complete in 3342.7m
